#-----------------------------------------------------------
# Vivado v2020.2 (64-bit)
# SW Build 3064766 on Wed Nov 18 09:12:45 MST 2020
# IP Build 3064653 on Wed Nov 18 14:17:31 MST 2020
# Start of session at: Mon Jul 27 22:54:41 2026
# Process ID: 5020
# Current directory: D:/Ondevice/final_project/CNN-Based_Gesture_Smart_Camera/FinalProject_Conv_CH
# Command line: vivado.exe -gui_launcher_event rodinguilauncherevent3920 D:\Ondevice\final_project\CNN-Based_Gesture_Smart_Camera\FinalProject_Conv_CH\FinalProject_Conv_CH.xpr
# Log file: D:/Ondevice/final_project/CNN-Based_Gesture_Smart_Camera/FinalProject_Conv_CH/vivado.log
# Journal file: D:/Ondevice/final_project/CNN-Based_Gesture_Smart_Camera/FinalProject_Conv_CH\vivado.jou
#-----------------------------------------------------------
start_gui
open_project D:/Ondevice/final_project/CNN-Based_Gesture_Smart_Camera/FinalProject_Conv_CH/FinalProject_Conv_CH.xpr
INFO: [Project 1-313] Project file moved from 'D:/workplace/final_project/FinalProject_Conv_CH' since last save.
WARNING: [filemgmt 56-2] Default IP Output Path : Could not find the directory 'D:/Ondevice/final_project/CNN-Based_Gesture_Smart_Camera/FinalProject_Conv_CH/FinalProject_Conv_CH.gen/sources_1', nor could it be found using path 'D:/workplace/final_project/FinalProject_Conv_CH/FinalProject_Conv_CH.gen/sources_1'.
Scanning sources...
Finished scanning sources
INFO: [IP_Flow 19-234] Refreshing IP repositories
INFO: [IP_Flow 19-1704] No user IP repositories specified
INFO: [IP_Flow 19-2313] Loaded Vivado IP repository 'C:/Xilinx/Vivado/2020.2/data/ip'.
open_project: Time (s): cpu = 00:00:32 ; elapsed = 00:00:16 . Memory (MB): peak = 1005.953 ; gain = 0.000
update_compile_order -fileset sources_1
close [ open D:/Ondevice/final_project/CNN-Based_Gesture_Smart_Camera/FinalProject_Conv_CH/FinalProject_Conv_CH.srcs/sources_1/new/CH_wrapper.sv w ]
add_files D:/Ondevice/final_project/CNN-Based_Gesture_Smart_Camera/FinalProject_Conv_CH/FinalProject_Conv_CH.srcs/sources_1/new/CH_wrapper.sv
update_compile_order -fileset sources_1
update_compile_order -fileset sources_1
synth_design -rtl -rtl_skip_mlo -name rtl_1
Command: synth_design -rtl -rtl_skip_mlo -name rtl_1
Starting synth_design
Using part: xc7a35tcpg236-1
Top: CH_wrapper
INFO: [Device 21-403] Loading part xc7a35tcpg236-1
---------------------------------------------------------------------------------
Starting RTL Elaboration : Time (s): cpu = 00:00:05 ; elapsed = 00:00:05 . Memory (MB): peak = 1345.016 ; gain = 247.730
---------------------------------------------------------------------------------
INFO: [Synth 8-6157] synthesizing module 'CH_wrapper' [D:/Ondevice/final_project/CNN-Based_Gesture_Smart_Camera/FinalProject_Conv_CH/FinalProject_Conv_CH.srcs/sources_1/new/CH_wrapper.sv:3]
	Parameter NUM_CH bound to: 8 - type: integer 
	Parameter OUTPUT_SHIFT bound to: 8 - type: integer 
INFO: [Synth 8-6157] synthesizing module 'CH' [D:/Ondevice/final_project/CNN-Based_Gesture_Smart_Camera/FinalProject_Conv_CH/FinalProject_Conv_CH.srcs/sources_1/new/CH.sv:3]
	Parameter OUTPUT_SHIFT bound to: 8 - type: integer 
INFO: [Synth 8-6155] done synthesizing module 'CH' (1#1) [D:/Ondevice/final_project/CNN-Based_Gesture_Smart_Camera/FinalProject_Conv_CH/FinalProject_Conv_CH.srcs/sources_1/new/CH.sv:3]
INFO: [Synth 8-6155] done synthesizing module 'CH_wrapper' (2#1) [D:/Ondevice/final_project/CNN-Based_Gesture_Smart_Camera/FinalProject_Conv_CH/FinalProject_Conv_CH.srcs/sources_1/new/CH_wrapper.sv:3]
---------------------------------------------------------------------------------
Finished RTL Elaboration : Time (s): cpu = 00:00:06 ; elapsed = 00:00:07 . Memory (MB): peak = 1426.336 ; gain = 329.051
---------------------------------------------------------------------------------
---------------------------------------------------------------------------------
Start Handling Custom Attributes
---------------------------------------------------------------------------------
---------------------------------------------------------------------------------
Finished Handling Custom Attributes : Time (s): cpu = 00:00:07 ; elapsed = 00:00:08 . Memory (MB): peak = 1426.336 ; gain = 329.051
---------------------------------------------------------------------------------
---------------------------------------------------------------------------------
Finished RTL Optimization Phase 1 : Time (s): cpu = 00:00:07 ; elapsed = 00:00:08 . Memory (MB): peak = 1426.336 ; gain = 329.051
---------------------------------------------------------------------------------
Netlist sorting complete. Time (s): cpu = 00:00:00 ; elapsed = 00:00:00.037 . Memory (MB): peak = 1426.336 ; gain = 0.000
INFO: [Project 1-570] Preparing netlist for logic optimization

Processing XDC Constraints
Initializing timing engine
Completed Processing XDC Constraints

Netlist sorting complete. Time (s): cpu = 00:00:00 ; elapsed = 00:00:00 . Memory (MB): peak = 1516.672 ; gain = 0.000
INFO: [Project 1-111] Unisim Transformation Summary:
No Unisim elements were transformed.

RTL Elaboration Complete:  : Time (s): cpu = 00:00:28 ; elapsed = 00:00:17 . Memory (MB): peak = 1597.367 ; gain = 500.082
7 Infos, 0 Warnings, 0 Critical Warnings and 0 Errors encountered.
synth_design completed successfully
synth_design: Time (s): cpu = 00:00:35 ; elapsed = 00:00:37 . Memory (MB): peak = 1597.367 ; gain = 591.414
exit
INFO: [Common 17-206] Exiting Vivado at Mon Jul 27 23:13:37 2026...
