Vivado Simulator 2020.2
Copyright 1986-1999, 2001-2020 Xilinx, Inc. All Rights Reserved.
Running: C:/Xilinx/Vivado/2020.2/bin/unwrapped/win64.o/xelab.exe -wto 785c2c3caa2c49638479752cdbdb3910 --incr --debug typical --relax --mt 2 -L xil_defaultlib -L uvm -L unisims_ver -L unimacro_ver -L secureip --snapshot tb_CNN_behav xil_defaultlib.tb_CNN xil_defaultlib.glbl -log elaborate.log 
Using 2 slave threads.
Starting static elaboration
Pass Through NonSizing Optimizer
Completed static elaboration
Starting simulation data flow analysis
Completed simulation data flow analysis
Time Resolution for simulation is 1ps
Compiling module xil_defaultlib.Conv_Controller_default
Compiling module xil_defaultlib.Shift_Buffer
Compiling module xil_defaultlib.CH
Compiling module xil_defaultlib.CH_wrapper_default
Compiling module xil_defaultlib.MaxPool_2x2
Compiling module xil_defaultlib.MaxPool_wrapper_default
Compiling module xil_defaultlib.Output_Mux_default
Compiling module xil_defaultlib.CNN(IMAGE_WIDTH=32,IMAGE_HEIGHT=...
Compiling module xil_defaultlib.tb_CNN
Compiling module xil_defaultlib.glbl
Built simulation snapshot tb_CNN_behav
