INFO: [VRFC 10-2263] Analyzing SystemVerilog file "D:/workplace/final_project/FinalProject_Conv_CH/FinalProject_Conv_CH.srcs/sources_1/new/CH.sv" into library xil_defaultlib
INFO: [VRFC 10-311] analyzing module CH
INFO: [VRFC 10-2263] Analyzing SystemVerilog file "D:/workplace/final_project/FinalProject_Conv_CH/FinalProject_Conv_CH.srcs/sources_1/new/CH_wrapper.sv" into library xil_defaultlib
INFO: [VRFC 10-311] analyzing module CH_wrapper
INFO: [VRFC 10-2263] Analyzing SystemVerilog file "D:/workplace/final_project/FinalProject_Conv_CH/FinalProject_Conv_CH.srcs/sources_1/new/CNN.sv" into library xil_defaultlib
INFO: [VRFC 10-311] analyzing module CNN
INFO: [VRFC 10-2263] Analyzing SystemVerilog file "D:/workplace/final_project/FinalProject_Conv_CH/FinalProject_Conv_CH.srcs/sources_1/new/Conv_Controller.sv" into library xil_defaultlib
INFO: [VRFC 10-311] analyzing module Conv_Controller
INFO: [VRFC 10-2263] Analyzing SystemVerilog file "D:/workplace/final_project/FinalProject_Conv_CH/FinalProject_Conv_CH.srcs/sources_1/new/Data_Buffer.sv" into library xil_defaultlib
INFO: [VRFC 10-311] analyzing module Data_Buffer
INFO: [VRFC 10-2263] Analyzing SystemVerilog file "D:/workplace/final_project/FinalProject_Conv_CH/FinalProject_Conv_CH.srcs/sources_1/new/MaxPool_2x2.sv" into library xil_defaultlib
INFO: [VRFC 10-311] analyzing module MaxPool_2x2
INFO: [VRFC 10-2263] Analyzing SystemVerilog file "D:/workplace/final_project/FinalProject_Conv_CH/FinalProject_Conv_CH.srcs/sources_1/new/MaxPool_wrapper.sv" into library xil_defaultlib
INFO: [VRFC 10-311] analyzing module MaxPool_wrapper
INFO: [VRFC 10-2263] Analyzing SystemVerilog file "D:/workplace/final_project/FinalProject_Conv_CH/FinalProject_Conv_CH.srcs/sources_1/new/Output_Mux.sv" into library xil_defaultlib
INFO: [VRFC 10-311] analyzing module Output_Mux
INFO: [VRFC 10-2263] Analyzing SystemVerilog file "D:/workplace/final_project/FinalProject_Conv_CH/FinalProject_Conv_CH.srcs/sources_1/new/Shift_Buffer.sv" into library xil_defaultlib
INFO: [VRFC 10-311] analyzing module Shift_Buffer
INFO: [VRFC 10-2263] Analyzing SystemVerilog file "D:/workplace/final_project/FinalProject_Conv_CH/FinalProject_Conv_CH.srcs/sources_1/new/Weight_Buffer.sv" into library xil_defaultlib
INFO: [VRFC 10-311] analyzing module Weight_Buffer
INFO: [VRFC 10-2263] Analyzing SystemVerilog file "D:/workplace/final_project/FinalProject_Conv_CH/FinalProject_Conv_CH.srcs/sim_1/new/tb_CNN.sv" into library xil_defaultlib
INFO: [VRFC 10-311] analyzing module tb_CNN
