Copyright 1986-2020 Xilinx, Inc. All Rights Reserved.
------------------------------------------------------------------------------------
| Tool Version : Vivado v.2020.2 (win64) Build 3064766 Wed Nov 18 09:12:45 MST 2020
| Date         : Tue Aug 11 22:32:39 2026
| Host         : DESKTOP-7CFQ9ND running 64-bit major release  (build 9200)
| Command      : report_clock_interaction -file clock_interaction.rpt
| Design       : system_wrapper
| Device       : 7z020-clg400
| Speed File   : -1  PRODUCTION 1.12 2019-11-22
------------------------------------------------------------------------------------

Clock Interaction Report

Clock Interaction Table
-----------------------

                                                          WNS                            TNS Failing  TNS Total    WNS Path         Clock-Pair           Inter-Clock              
From Clock                   To Clock                     Clock Edges  WNS(ns)  TNS(ns)    Endpoints    Endpoints  Requirement(ns)  Classification       Constraints              
---------------------------  ---------------------------  -----------  -------  -------  -----------  -----------  ---------------  -------------------  -----------------------  
RxByteClkHS                  RxByteClkHS                  rise - rise    12.26     0.00            0         1174            19.04  Clean                Partial False Path       
RxByteClkHS                  clk_out2_system_clk_wiz_0_0  rise - rise    17.75     0.00            0           45            19.04  Ignored              Max Delay Datapath Only  
RxByteClkHS                  clk_out3_system_clk_wiz_0_0                                           0            7                   Ignored              False Path               
clk_out1_system_clk_wiz_0_0  clk_out1_system_clk_wiz_0_0  rise - rise    11.03     0.00            0         1788            20.00  Clean                Timed                    
clk_out1_system_clk_wiz_0_0  clk_out2_system_clk_wiz_0_0  rise - rise     0.66     0.00            0        65678            10.00  Clean                Partial False Path       
clk_out1_system_clk_wiz_0_0  clk_out3_system_clk_wiz_0_0                                           0            5                   Ignored              False Path               
clk_out2_system_clk_wiz_0_0  RxByteClkHS                  rise - rise     8.61     0.00            0           11            10.00  Ignored              Max Delay Datapath Only  
clk_out2_system_clk_wiz_0_0  clk_out2_system_clk_wiz_0_0  rise - rise     0.08     0.00            0       107753            10.00  Clean                Partial False Path       
clk_out2_system_clk_wiz_0_0  clk_out3_system_clk_wiz_0_0                                           0            3                   Ignored              False Path               
clk_out3_system_clk_wiz_0_0  RxByteClkHS                                                           0            8                   Ignored              False Path               
clk_out3_system_clk_wiz_0_0  clk_out3_system_clk_wiz_0_0  rise - rise     0.09     0.00            0          204             5.00  Clean                Partial False Path       
dphy_hs_clock_p              dphy_hs_clock_p              rise - fall    -2.45    -4.86            2            2             2.38  Clean                Timed                    


