Copyright 1986-2020 Xilinx, Inc. All Rights Reserved.
------------------------------------------------------------------------------------
| Tool Version : Vivado v.2020.2 (win64) Build 3064766 Wed Nov 18 09:12:45 MST 2020
| Date         : Tue Aug  4 00:32:44 2026
| Host         : DESKTOP-Q0BDH8J running 64-bit major release  (build 9200)
| Command      : report_timing -max_paths 10 -file timing_paths_current.rpt
| Design       : CNN_accelerator
| Device       : 7z020-clg400
| Speed File   : -1  PRODUCTION 1.12 2019-11-22
------------------------------------------------------------------------------------

Timing Report

Slack (VIOLATED) :        -0.443ns  (required time - arrival time)
  Source:                 U_conv/U_CONV_CONTROLLER/state_reg[2]/C
                            (rising edge-triggered cell FDCE clocked by sys_clk_pin  {rise@0.000ns fall@4.000ns period=8.000ns})
  Destination:            U_conv/U_SHIFT_BUFFER/vertical_cache_reg[49][2][2]/CE
                            (rising edge-triggered cell FDCE clocked by sys_clk_pin  {rise@0.000ns fall@4.000ns period=8.000ns})
  Path Group:             sys_clk_pin
  Path Type:              Setup (Max at Slow Process Corner)
  Requirement:            8.000ns  (sys_clk_pin rise@8.000ns - sys_clk_pin rise@0.000ns)
  Data Path Delay:        8.181ns  (logic 1.262ns (15.426%)  route 6.919ns (84.574%))
  Logic Levels:           6  (LUT3=1 LUT6=5)
  Clock Path Skew:        -0.058ns (DCD - SCD + CPR)
    Destination Clock Delay (DCD):    5.427ns = ( 13.427 - 8.000 ) 
    Source Clock Delay      (SCD):    5.809ns
    Clock Pessimism Removal (CPR):    0.323ns
  Clock Uncertainty:      0.035ns  ((TSJ^2 + TIJ^2)^1/2 + DJ) / 2 + PE
    Total System Jitter     (TSJ):    0.071ns
    Total Input Jitter      (TIJ):    0.000ns
    Discrete Jitter          (DJ):    0.000ns
    Phase Error              (PE):    0.000ns

    Location             Delay type                Incr(ns)  Path(ns)    Netlist Resource(s)
  -------------------------------------------------------------------    -------------------
                         (clock sys_clk_pin rise edge)
                                                      0.000     0.000 r  
    K17                                               0.000     0.000 r  sysclk (IN)
                         net (fo=0)                   0.000     0.000    sysclk
    K17                  IBUF (Prop_ibuf_I_O)         1.475     1.475 r  sysclk_IBUF_inst/O
                         net (fo=1, routed)           2.522     3.997    sysclk_IBUF
    BUFGCTRL_X0Y16       BUFG (Prop_bufg_I_O)         0.101     4.098 r  sysclk_IBUF_BUFG_inst/O
                         net (fo=28614, routed)       1.711     5.809    U_conv/U_CONV_CONTROLLER/sysclk_IBUF_BUFG
    SLICE_X62Y88         FDCE                                         r  U_conv/U_CONV_CONTROLLER/state_reg[2]/C
  -------------------------------------------------------------------    -------------------
    SLICE_X62Y88         FDCE (Prop_fdce_C_Q)         0.518     6.327 r  U_conv/U_CONV_CONTROLLER/state_reg[2]/Q
                         net (fo=134, routed)         0.865     7.192    U_conv/U_CONV_CONTROLLER/state_reg[2]_1
    SLICE_X57Y83         LUT3 (Prop_lut3_I2_O)        0.124     7.316 f  U_conv/U_CONV_CONTROLLER/stage1_valid_i_2__5/O
                         net (fo=55, routed)          1.079     8.394    U_conv/U_CH_WRAPPER/GEN_CH[2].U_CH/ch_enable[0]
    SLICE_X52Y84         LUT6 (Prop_lut6_I5_O)        0.124     8.518 r  U_conv/U_CH_WRAPPER/GEN_CH[2].U_CH/i__i_13/O
                         net (fo=2, routed)           1.338     9.857    U_conv/U_CH_WRAPPER/GEN_CH[1].U_CH/i__i_5_1[0]
    SLICE_X55Y104        LUT6 (Prop_lut6_I5_O)        0.124     9.981 r  U_conv/U_CH_WRAPPER/GEN_CH[1].U_CH/i__i_7/O
                         net (fo=1, routed)           0.669    10.650    U_conv/U_CH_WRAPPER/GEN_CH[7].U_CH/state[2]_i_4
    SLICE_X54Y104        LUT6 (Prop_lut6_I3_O)        0.124    10.774 r  U_conv/U_CH_WRAPPER/GEN_CH[7].U_CH/i__i_5/O
                         net (fo=2, routed)           0.326    11.101    U_conv/U_SHIFT_BUFFER/shift_window_ready
    SLICE_X54Y105        LUT6 (Prop_lut6_I5_O)        0.124    11.225 r  U_conv/U_SHIFT_BUFFER/i__i_2/O
                         net (fo=140, routed)         1.573    12.797    U_conv/U_SHIFT_BUFFER/p_1_in
    SLICE_X50Y128        LUT6 (Prop_lut6_I4_O)        0.124    12.921 r  U_conv/U_SHIFT_BUFFER/i___77/O
                         net (fo=64, routed)          1.068    13.990    U_conv/U_SHIFT_BUFFER/i___77_n_0
    SLICE_X38Y127        FDCE                                         r  U_conv/U_SHIFT_BUFFER/vertical_cache_reg[49][2][2]/CE
  -------------------------------------------------------------------    -------------------

                         (clock sys_clk_pin rise edge)
                                                      8.000     8.000 r  
    K17                                               0.000     8.000 r  sysclk (IN)
                         net (fo=0)                   0.000     8.000    sysclk
    K17                  IBUF (Prop_ibuf_I_O)         1.404     9.404 r  sysclk_IBUF_inst/O
                         net (fo=1, routed)           2.293    11.697    sysclk_IBUF
    BUFGCTRL_X0Y16       BUFG (Prop_bufg_I_O)         0.091    11.788 r  sysclk_IBUF_BUFG_inst/O
                         net (fo=28614, routed)       1.639    13.427    U_conv/U_SHIFT_BUFFER/sysclk_IBUF_BUFG
    SLICE_X38Y127        FDCE                                         r  U_conv/U_SHIFT_BUFFER/vertical_cache_reg[49][2][2]/C
                         clock pessimism              0.323    13.751    
                         clock uncertainty           -0.035    13.716    
    SLICE_X38Y127        FDCE (Setup_fdce_C_CE)      -0.169    13.547    U_conv/U_SHIFT_BUFFER/vertical_cache_reg[49][2][2]
  -------------------------------------------------------------------
                         required time                         13.547    
                         arrival time                         -13.990    
  -------------------------------------------------------------------
                         slack                                 -0.443    

Slack (VIOLATED) :        -0.423ns  (required time - arrival time)
  Source:                 U_conv/U_CONV_CONTROLLER/state_reg[2]/C
                            (rising edge-triggered cell FDCE clocked by sys_clk_pin  {rise@0.000ns fall@4.000ns period=8.000ns})
  Destination:            U_conv/U_SHIFT_BUFFER/vertical_cache_reg[67][4][7]/CE
                            (rising edge-triggered cell FDCE clocked by sys_clk_pin  {rise@0.000ns fall@4.000ns period=8.000ns})
  Path Group:             sys_clk_pin
  Path Type:              Setup (Max at Slow Process Corner)
  Requirement:            8.000ns  (sys_clk_pin rise@8.000ns - sys_clk_pin rise@0.000ns)
  Data Path Delay:        8.286ns  (logic 1.262ns (15.230%)  route 7.024ns (84.770%))
  Logic Levels:           6  (LUT3=1 LUT5=1 LUT6=4)
  Clock Path Skew:        0.068ns (DCD - SCD + CPR)
    Destination Clock Delay (DCD):    5.553ns = ( 13.553 - 8.000 ) 
    Source Clock Delay      (SCD):    5.809ns
    Clock Pessimism Removal (CPR):    0.323ns
  Clock Uncertainty:      0.035ns  ((TSJ^2 + TIJ^2)^1/2 + DJ) / 2 + PE
    Total System Jitter     (TSJ):    0.071ns
    Total Input Jitter      (TIJ):    0.000ns
    Discrete Jitter          (DJ):    0.000ns
    Phase Error              (PE):    0.000ns

    Location             Delay type                Incr(ns)  Path(ns)    Netlist Resource(s)
  -------------------------------------------------------------------    -------------------
                         (clock sys_clk_pin rise edge)
                                                      0.000     0.000 r  
    K17                                               0.000     0.000 r  sysclk (IN)
                         net (fo=0)                   0.000     0.000    sysclk
    K17                  IBUF (Prop_ibuf_I_O)         1.475     1.475 r  sysclk_IBUF_inst/O
                         net (fo=1, routed)           2.522     3.997    sysclk_IBUF
    BUFGCTRL_X0Y16       BUFG (Prop_bufg_I_O)         0.101     4.098 r  sysclk_IBUF_BUFG_inst/O
                         net (fo=28614, routed)       1.711     5.809    U_conv/U_CONV_CONTROLLER/sysclk_IBUF_BUFG
    SLICE_X62Y88         FDCE                                         r  U_conv/U_CONV_CONTROLLER/state_reg[2]/C
  -------------------------------------------------------------------    -------------------
    SLICE_X62Y88         FDCE (Prop_fdce_C_Q)         0.518     6.327 r  U_conv/U_CONV_CONTROLLER/state_reg[2]/Q
                         net (fo=134, routed)         0.865     7.192    U_conv/U_CONV_CONTROLLER/state_reg[2]_1
    SLICE_X57Y83         LUT3 (Prop_lut3_I2_O)        0.124     7.316 f  U_conv/U_CONV_CONTROLLER/stage1_valid_i_2__5/O
                         net (fo=55, routed)          1.079     8.394    U_conv/U_CH_WRAPPER/GEN_CH[2].U_CH/ch_enable[0]
    SLICE_X52Y84         LUT6 (Prop_lut6_I5_O)        0.124     8.518 r  U_conv/U_CH_WRAPPER/GEN_CH[2].U_CH/i__i_13/O
                         net (fo=2, routed)           1.338     9.857    U_conv/U_CH_WRAPPER/GEN_CH[1].U_CH/i__i_5_1[0]
    SLICE_X55Y104        LUT6 (Prop_lut6_I5_O)        0.124     9.981 r  U_conv/U_CH_WRAPPER/GEN_CH[1].U_CH/i__i_7/O
                         net (fo=1, routed)           0.669    10.650    U_conv/U_CH_WRAPPER/GEN_CH[7].U_CH/state[2]_i_4
    SLICE_X54Y104        LUT6 (Prop_lut6_I3_O)        0.124    10.774 r  U_conv/U_CH_WRAPPER/GEN_CH[7].U_CH/i__i_5/O
                         net (fo=2, routed)           0.326    11.101    U_conv/U_SHIFT_BUFFER/shift_window_ready
    SLICE_X54Y105        LUT6 (Prop_lut6_I5_O)        0.124    11.225 r  U_conv/U_SHIFT_BUFFER/i__i_2/O
                         net (fo=140, routed)         1.629    12.854    U_conv/U_SHIFT_BUFFER/p_1_in
    SLICE_X82Y125        LUT5 (Prop_lut5_I3_O)        0.124    12.978 r  U_conv/U_SHIFT_BUFFER/i___59/O
                         net (fo=64, routed)          1.117    14.095    U_conv/U_SHIFT_BUFFER/i___59_n_0
    SLICE_X90Y122        FDCE                                         r  U_conv/U_SHIFT_BUFFER/vertical_cache_reg[67][4][7]/CE
  -------------------------------------------------------------------    -------------------

                         (clock sys_clk_pin rise edge)
                                                      8.000     8.000 r  
    K17                                               0.000     8.000 r  sysclk (IN)
                         net (fo=0)                   0.000     8.000    sysclk
    K17                  IBUF (Prop_ibuf_I_O)         1.404     9.404 r  sysclk_IBUF_inst/O
                         net (fo=1, routed)           2.293    11.697    sysclk_IBUF
    BUFGCTRL_X0Y16       BUFG (Prop_bufg_I_O)         0.091    11.788 r  sysclk_IBUF_BUFG_inst/O
                         net (fo=28614, routed)       1.765    13.553    U_conv/U_SHIFT_BUFFER/sysclk_IBUF_BUFG
    SLICE_X90Y122        FDCE                                         r  U_conv/U_SHIFT_BUFFER/vertical_cache_reg[67][4][7]/C
                         clock pessimism              0.323    13.877    
                         clock uncertainty           -0.035    13.842    
    SLICE_X90Y122        FDCE (Setup_fdce_C_CE)      -0.169    13.673    U_conv/U_SHIFT_BUFFER/vertical_cache_reg[67][4][7]
  -------------------------------------------------------------------
                         required time                         13.673    
                         arrival time                         -14.095    
  -------------------------------------------------------------------
                         slack                                 -0.423    

Slack (VIOLATED) :        -0.423ns  (required time - arrival time)
  Source:                 U_conv/U_CONV_CONTROLLER/state_reg[2]/C
                            (rising edge-triggered cell FDCE clocked by sys_clk_pin  {rise@0.000ns fall@4.000ns period=8.000ns})
  Destination:            U_conv/U_SHIFT_BUFFER/vertical_cache_reg[67][5][0]/CE
                            (rising edge-triggered cell FDCE clocked by sys_clk_pin  {rise@0.000ns fall@4.000ns period=8.000ns})
  Path Group:             sys_clk_pin
  Path Type:              Setup (Max at Slow Process Corner)
  Requirement:            8.000ns  (sys_clk_pin rise@8.000ns - sys_clk_pin rise@0.000ns)
  Data Path Delay:        8.286ns  (logic 1.262ns (15.230%)  route 7.024ns (84.770%))
  Logic Levels:           6  (LUT3=1 LUT5=1 LUT6=4)
  Clock Path Skew:        0.068ns (DCD - SCD + CPR)
    Destination Clock Delay (DCD):    5.553ns = ( 13.553 - 8.000 ) 
    Source Clock Delay      (SCD):    5.809ns
    Clock Pessimism Removal (CPR):    0.323ns
  Clock Uncertainty:      0.035ns  ((TSJ^2 + TIJ^2)^1/2 + DJ) / 2 + PE
    Total System Jitter     (TSJ):    0.071ns
    Total Input Jitter      (TIJ):    0.000ns
    Discrete Jitter          (DJ):    0.000ns
    Phase Error              (PE):    0.000ns

    Location             Delay type                Incr(ns)  Path(ns)    Netlist Resource(s)
  -------------------------------------------------------------------    -------------------
                         (clock sys_clk_pin rise edge)
                                                      0.000     0.000 r  
    K17                                               0.000     0.000 r  sysclk (IN)
                         net (fo=0)                   0.000     0.000    sysclk
    K17                  IBUF (Prop_ibuf_I_O)         1.475     1.475 r  sysclk_IBUF_inst/O
                         net (fo=1, routed)           2.522     3.997    sysclk_IBUF
    BUFGCTRL_X0Y16       BUFG (Prop_bufg_I_O)         0.101     4.098 r  sysclk_IBUF_BUFG_inst/O
                         net (fo=28614, routed)       1.711     5.809    U_conv/U_CONV_CONTROLLER/sysclk_IBUF_BUFG
    SLICE_X62Y88         FDCE                                         r  U_conv/U_CONV_CONTROLLER/state_reg[2]/C
  -------------------------------------------------------------------    -------------------
    SLICE_X62Y88         FDCE (Prop_fdce_C_Q)         0.518     6.327 r  U_conv/U_CONV_CONTROLLER/state_reg[2]/Q
                         net (fo=134, routed)         0.865     7.192    U_conv/U_CONV_CONTROLLER/state_reg[2]_1
    SLICE_X57Y83         LUT3 (Prop_lut3_I2_O)        0.124     7.316 f  U_conv/U_CONV_CONTROLLER/stage1_valid_i_2__5/O
                         net (fo=55, routed)          1.079     8.394    U_conv/U_CH_WRAPPER/GEN_CH[2].U_CH/ch_enable[0]
    SLICE_X52Y84         LUT6 (Prop_lut6_I5_O)        0.124     8.518 r  U_conv/U_CH_WRAPPER/GEN_CH[2].U_CH/i__i_13/O
                         net (fo=2, routed)           1.338     9.857    U_conv/U_CH_WRAPPER/GEN_CH[1].U_CH/i__i_5_1[0]
    SLICE_X55Y104        LUT6 (Prop_lut6_I5_O)        0.124     9.981 r  U_conv/U_CH_WRAPPER/GEN_CH[1].U_CH/i__i_7/O
                         net (fo=1, routed)           0.669    10.650    U_conv/U_CH_WRAPPER/GEN_CH[7].U_CH/state[2]_i_4
    SLICE_X54Y104        LUT6 (Prop_lut6_I3_O)        0.124    10.774 r  U_conv/U_CH_WRAPPER/GEN_CH[7].U_CH/i__i_5/O
                         net (fo=2, routed)           0.326    11.101    U_conv/U_SHIFT_BUFFER/shift_window_ready
    SLICE_X54Y105        LUT6 (Prop_lut6_I5_O)        0.124    11.225 r  U_conv/U_SHIFT_BUFFER/i__i_2/O
                         net (fo=140, routed)         1.629    12.854    U_conv/U_SHIFT_BUFFER/p_1_in
    SLICE_X82Y125        LUT5 (Prop_lut5_I3_O)        0.124    12.978 r  U_conv/U_SHIFT_BUFFER/i___59/O
                         net (fo=64, routed)          1.117    14.095    U_conv/U_SHIFT_BUFFER/i___59_n_0
    SLICE_X90Y122        FDCE                                         r  U_conv/U_SHIFT_BUFFER/vertical_cache_reg[67][5][0]/CE
  -------------------------------------------------------------------    -------------------

                         (clock sys_clk_pin rise edge)
                                                      8.000     8.000 r  
    K17                                               0.000     8.000 r  sysclk (IN)
                         net (fo=0)                   0.000     8.000    sysclk
    K17                  IBUF (Prop_ibuf_I_O)         1.404     9.404 r  sysclk_IBUF_inst/O
                         net (fo=1, routed)           2.293    11.697    sysclk_IBUF
    BUFGCTRL_X0Y16       BUFG (Prop_bufg_I_O)         0.091    11.788 r  sysclk_IBUF_BUFG_inst/O
                         net (fo=28614, routed)       1.765    13.553    U_conv/U_SHIFT_BUFFER/sysclk_IBUF_BUFG
    SLICE_X90Y122        FDCE                                         r  U_conv/U_SHIFT_BUFFER/vertical_cache_reg[67][5][0]/C
                         clock pessimism              0.323    13.877    
                         clock uncertainty           -0.035    13.842    
    SLICE_X90Y122        FDCE (Setup_fdce_C_CE)      -0.169    13.673    U_conv/U_SHIFT_BUFFER/vertical_cache_reg[67][5][0]
  -------------------------------------------------------------------
                         required time                         13.673    
                         arrival time                         -14.095    
  -------------------------------------------------------------------
                         slack                                 -0.423    

Slack (VIOLATED) :        -0.423ns  (required time - arrival time)
  Source:                 U_conv/U_CONV_CONTROLLER/state_reg[2]/C
                            (rising edge-triggered cell FDCE clocked by sys_clk_pin  {rise@0.000ns fall@4.000ns period=8.000ns})
  Destination:            U_conv/U_SHIFT_BUFFER/vertical_cache_reg[67][5][7]/CE
                            (rising edge-triggered cell FDCE clocked by sys_clk_pin  {rise@0.000ns fall@4.000ns period=8.000ns})
  Path Group:             sys_clk_pin
  Path Type:              Setup (Max at Slow Process Corner)
  Requirement:            8.000ns  (sys_clk_pin rise@8.000ns - sys_clk_pin rise@0.000ns)
  Data Path Delay:        8.286ns  (logic 1.262ns (15.230%)  route 7.024ns (84.770%))
  Logic Levels:           6  (LUT3=1 LUT5=1 LUT6=4)
  Clock Path Skew:        0.068ns (DCD - SCD + CPR)
    Destination Clock Delay (DCD):    5.553ns = ( 13.553 - 8.000 ) 
    Source Clock Delay      (SCD):    5.809ns
    Clock Pessimism Removal (CPR):    0.323ns
  Clock Uncertainty:      0.035ns  ((TSJ^2 + TIJ^2)^1/2 + DJ) / 2 + PE
    Total System Jitter     (TSJ):    0.071ns
    Total Input Jitter      (TIJ):    0.000ns
    Discrete Jitter          (DJ):    0.000ns
    Phase Error              (PE):    0.000ns

    Location             Delay type                Incr(ns)  Path(ns)    Netlist Resource(s)
  -------------------------------------------------------------------    -------------------
                         (clock sys_clk_pin rise edge)
                                                      0.000     0.000 r  
    K17                                               0.000     0.000 r  sysclk (IN)
                         net (fo=0)                   0.000     0.000    sysclk
    K17                  IBUF (Prop_ibuf_I_O)         1.475     1.475 r  sysclk_IBUF_inst/O
                         net (fo=1, routed)           2.522     3.997    sysclk_IBUF
    BUFGCTRL_X0Y16       BUFG (Prop_bufg_I_O)         0.101     4.098 r  sysclk_IBUF_BUFG_inst/O
                         net (fo=28614, routed)       1.711     5.809    U_conv/U_CONV_CONTROLLER/sysclk_IBUF_BUFG
    SLICE_X62Y88         FDCE                                         r  U_conv/U_CONV_CONTROLLER/state_reg[2]/C
  -------------------------------------------------------------------    -------------------
    SLICE_X62Y88         FDCE (Prop_fdce_C_Q)         0.518     6.327 r  U_conv/U_CONV_CONTROLLER/state_reg[2]/Q
                         net (fo=134, routed)         0.865     7.192    U_conv/U_CONV_CONTROLLER/state_reg[2]_1
    SLICE_X57Y83         LUT3 (Prop_lut3_I2_O)        0.124     7.316 f  U_conv/U_CONV_CONTROLLER/stage1_valid_i_2__5/O
                         net (fo=55, routed)          1.079     8.394    U_conv/U_CH_WRAPPER/GEN_CH[2].U_CH/ch_enable[0]
    SLICE_X52Y84         LUT6 (Prop_lut6_I5_O)        0.124     8.518 r  U_conv/U_CH_WRAPPER/GEN_CH[2].U_CH/i__i_13/O
                         net (fo=2, routed)           1.338     9.857    U_conv/U_CH_WRAPPER/GEN_CH[1].U_CH/i__i_5_1[0]
    SLICE_X55Y104        LUT6 (Prop_lut6_I5_O)        0.124     9.981 r  U_conv/U_CH_WRAPPER/GEN_CH[1].U_CH/i__i_7/O
                         net (fo=1, routed)           0.669    10.650    U_conv/U_CH_WRAPPER/GEN_CH[7].U_CH/state[2]_i_4
    SLICE_X54Y104        LUT6 (Prop_lut6_I3_O)        0.124    10.774 r  U_conv/U_CH_WRAPPER/GEN_CH[7].U_CH/i__i_5/O
                         net (fo=2, routed)           0.326    11.101    U_conv/U_SHIFT_BUFFER/shift_window_ready
    SLICE_X54Y105        LUT6 (Prop_lut6_I5_O)        0.124    11.225 r  U_conv/U_SHIFT_BUFFER/i__i_2/O
                         net (fo=140, routed)         1.629    12.854    U_conv/U_SHIFT_BUFFER/p_1_in
    SLICE_X82Y125        LUT5 (Prop_lut5_I3_O)        0.124    12.978 r  U_conv/U_SHIFT_BUFFER/i___59/O
                         net (fo=64, routed)          1.117    14.095    U_conv/U_SHIFT_BUFFER/i___59_n_0
    SLICE_X90Y122        FDCE                                         r  U_conv/U_SHIFT_BUFFER/vertical_cache_reg[67][5][7]/CE
  -------------------------------------------------------------------    -------------------

                         (clock sys_clk_pin rise edge)
                                                      8.000     8.000 r  
    K17                                               0.000     8.000 r  sysclk (IN)
                         net (fo=0)                   0.000     8.000    sysclk
    K17                  IBUF (Prop_ibuf_I_O)         1.404     9.404 r  sysclk_IBUF_inst/O
                         net (fo=1, routed)           2.293    11.697    sysclk_IBUF
    BUFGCTRL_X0Y16       BUFG (Prop_bufg_I_O)         0.091    11.788 r  sysclk_IBUF_BUFG_inst/O
                         net (fo=28614, routed)       1.765    13.553    U_conv/U_SHIFT_BUFFER/sysclk_IBUF_BUFG
    SLICE_X90Y122        FDCE                                         r  U_conv/U_SHIFT_BUFFER/vertical_cache_reg[67][5][7]/C
                         clock pessimism              0.323    13.877    
                         clock uncertainty           -0.035    13.842    
    SLICE_X90Y122        FDCE (Setup_fdce_C_CE)      -0.169    13.673    U_conv/U_SHIFT_BUFFER/vertical_cache_reg[67][5][7]
  -------------------------------------------------------------------
                         required time                         13.673    
                         arrival time                         -14.095    
  -------------------------------------------------------------------
                         slack                                 -0.423    

Slack (VIOLATED) :        -0.423ns  (required time - arrival time)
  Source:                 U_conv/U_CONV_CONTROLLER/state_reg[2]/C
                            (rising edge-triggered cell FDCE clocked by sys_clk_pin  {rise@0.000ns fall@4.000ns period=8.000ns})
  Destination:            U_conv/U_SHIFT_BUFFER/vertical_cache_reg[67][6][3]/CE
                            (rising edge-triggered cell FDCE clocked by sys_clk_pin  {rise@0.000ns fall@4.000ns period=8.000ns})
  Path Group:             sys_clk_pin
  Path Type:              Setup (Max at Slow Process Corner)
  Requirement:            8.000ns  (sys_clk_pin rise@8.000ns - sys_clk_pin rise@0.000ns)
  Data Path Delay:        8.286ns  (logic 1.262ns (15.230%)  route 7.024ns (84.770%))
  Logic Levels:           6  (LUT3=1 LUT5=1 LUT6=4)
  Clock Path Skew:        0.068ns (DCD - SCD + CPR)
    Destination Clock Delay (DCD):    5.553ns = ( 13.553 - 8.000 ) 
    Source Clock Delay      (SCD):    5.809ns
    Clock Pessimism Removal (CPR):    0.323ns
  Clock Uncertainty:      0.035ns  ((TSJ^2 + TIJ^2)^1/2 + DJ) / 2 + PE
    Total System Jitter     (TSJ):    0.071ns
    Total Input Jitter      (TIJ):    0.000ns
    Discrete Jitter          (DJ):    0.000ns
    Phase Error              (PE):    0.000ns

    Location             Delay type                Incr(ns)  Path(ns)    Netlist Resource(s)
  -------------------------------------------------------------------    -------------------
                         (clock sys_clk_pin rise edge)
                                                      0.000     0.000 r  
    K17                                               0.000     0.000 r  sysclk (IN)
                         net (fo=0)                   0.000     0.000    sysclk
    K17                  IBUF (Prop_ibuf_I_O)         1.475     1.475 r  sysclk_IBUF_inst/O
                         net (fo=1, routed)           2.522     3.997    sysclk_IBUF
    BUFGCTRL_X0Y16       BUFG (Prop_bufg_I_O)         0.101     4.098 r  sysclk_IBUF_BUFG_inst/O
                         net (fo=28614, routed)       1.711     5.809    U_conv/U_CONV_CONTROLLER/sysclk_IBUF_BUFG
    SLICE_X62Y88         FDCE                                         r  U_conv/U_CONV_CONTROLLER/state_reg[2]/C
  -------------------------------------------------------------------    -------------------
    SLICE_X62Y88         FDCE (Prop_fdce_C_Q)         0.518     6.327 r  U_conv/U_CONV_CONTROLLER/state_reg[2]/Q
                         net (fo=134, routed)         0.865     7.192    U_conv/U_CONV_CONTROLLER/state_reg[2]_1
    SLICE_X57Y83         LUT3 (Prop_lut3_I2_O)        0.124     7.316 f  U_conv/U_CONV_CONTROLLER/stage1_valid_i_2__5/O
                         net (fo=55, routed)          1.079     8.394    U_conv/U_CH_WRAPPER/GEN_CH[2].U_CH/ch_enable[0]
    SLICE_X52Y84         LUT6 (Prop_lut6_I5_O)        0.124     8.518 r  U_conv/U_CH_WRAPPER/GEN_CH[2].U_CH/i__i_13/O
                         net (fo=2, routed)           1.338     9.857    U_conv/U_CH_WRAPPER/GEN_CH[1].U_CH/i__i_5_1[0]
    SLICE_X55Y104        LUT6 (Prop_lut6_I5_O)        0.124     9.981 r  U_conv/U_CH_WRAPPER/GEN_CH[1].U_CH/i__i_7/O
                         net (fo=1, routed)           0.669    10.650    U_conv/U_CH_WRAPPER/GEN_CH[7].U_CH/state[2]_i_4
    SLICE_X54Y104        LUT6 (Prop_lut6_I3_O)        0.124    10.774 r  U_conv/U_CH_WRAPPER/GEN_CH[7].U_CH/i__i_5/O
                         net (fo=2, routed)           0.326    11.101    U_conv/U_SHIFT_BUFFER/shift_window_ready
    SLICE_X54Y105        LUT6 (Prop_lut6_I5_O)        0.124    11.225 r  U_conv/U_SHIFT_BUFFER/i__i_2/O
                         net (fo=140, routed)         1.629    12.854    U_conv/U_SHIFT_BUFFER/p_1_in
    SLICE_X82Y125        LUT5 (Prop_lut5_I3_O)        0.124    12.978 r  U_conv/U_SHIFT_BUFFER/i___59/O
                         net (fo=64, routed)          1.117    14.095    U_conv/U_SHIFT_BUFFER/i___59_n_0
    SLICE_X90Y122        FDCE                                         r  U_conv/U_SHIFT_BUFFER/vertical_cache_reg[67][6][3]/CE
  -------------------------------------------------------------------    -------------------

                         (clock sys_clk_pin rise edge)
                                                      8.000     8.000 r  
    K17                                               0.000     8.000 r  sysclk (IN)
                         net (fo=0)                   0.000     8.000    sysclk
    K17                  IBUF (Prop_ibuf_I_O)         1.404     9.404 r  sysclk_IBUF_inst/O
                         net (fo=1, routed)           2.293    11.697    sysclk_IBUF
    BUFGCTRL_X0Y16       BUFG (Prop_bufg_I_O)         0.091    11.788 r  sysclk_IBUF_BUFG_inst/O
                         net (fo=28614, routed)       1.765    13.553    U_conv/U_SHIFT_BUFFER/sysclk_IBUF_BUFG
    SLICE_X90Y122        FDCE                                         r  U_conv/U_SHIFT_BUFFER/vertical_cache_reg[67][6][3]/C
                         clock pessimism              0.323    13.877    
                         clock uncertainty           -0.035    13.842    
    SLICE_X90Y122        FDCE (Setup_fdce_C_CE)      -0.169    13.673    U_conv/U_SHIFT_BUFFER/vertical_cache_reg[67][6][3]
  -------------------------------------------------------------------
                         required time                         13.673    
                         arrival time                         -14.095    
  -------------------------------------------------------------------
                         slack                                 -0.423    

Slack (VIOLATED) :        -0.423ns  (required time - arrival time)
  Source:                 U_conv/U_CONV_CONTROLLER/state_reg[2]/C
                            (rising edge-triggered cell FDCE clocked by sys_clk_pin  {rise@0.000ns fall@4.000ns period=8.000ns})
  Destination:            U_conv/U_SHIFT_BUFFER/vertical_cache_reg[67][6][4]/CE
                            (rising edge-triggered cell FDCE clocked by sys_clk_pin  {rise@0.000ns fall@4.000ns period=8.000ns})
  Path Group:             sys_clk_pin
  Path Type:              Setup (Max at Slow Process Corner)
  Requirement:            8.000ns  (sys_clk_pin rise@8.000ns - sys_clk_pin rise@0.000ns)
  Data Path Delay:        8.286ns  (logic 1.262ns (15.230%)  route 7.024ns (84.770%))
  Logic Levels:           6  (LUT3=1 LUT5=1 LUT6=4)
  Clock Path Skew:        0.068ns (DCD - SCD + CPR)
    Destination Clock Delay (DCD):    5.553ns = ( 13.553 - 8.000 ) 
    Source Clock Delay      (SCD):    5.809ns
    Clock Pessimism Removal (CPR):    0.323ns
  Clock Uncertainty:      0.035ns  ((TSJ^2 + TIJ^2)^1/2 + DJ) / 2 + PE
    Total System Jitter     (TSJ):    0.071ns
    Total Input Jitter      (TIJ):    0.000ns
    Discrete Jitter          (DJ):    0.000ns
    Phase Error              (PE):    0.000ns

    Location             Delay type                Incr(ns)  Path(ns)    Netlist Resource(s)
  -------------------------------------------------------------------    -------------------
                         (clock sys_clk_pin rise edge)
                                                      0.000     0.000 r  
    K17                                               0.000     0.000 r  sysclk (IN)
                         net (fo=0)                   0.000     0.000    sysclk
    K17                  IBUF (Prop_ibuf_I_O)         1.475     1.475 r  sysclk_IBUF_inst/O
                         net (fo=1, routed)           2.522     3.997    sysclk_IBUF
    BUFGCTRL_X0Y16       BUFG (Prop_bufg_I_O)         0.101     4.098 r  sysclk_IBUF_BUFG_inst/O
                         net (fo=28614, routed)       1.711     5.809    U_conv/U_CONV_CONTROLLER/sysclk_IBUF_BUFG
    SLICE_X62Y88         FDCE                                         r  U_conv/U_CONV_CONTROLLER/state_reg[2]/C
  -------------------------------------------------------------------    -------------------
    SLICE_X62Y88         FDCE (Prop_fdce_C_Q)         0.518     6.327 r  U_conv/U_CONV_CONTROLLER/state_reg[2]/Q
                         net (fo=134, routed)         0.865     7.192    U_conv/U_CONV_CONTROLLER/state_reg[2]_1
    SLICE_X57Y83         LUT3 (Prop_lut3_I2_O)        0.124     7.316 f  U_conv/U_CONV_CONTROLLER/stage1_valid_i_2__5/O
                         net (fo=55, routed)          1.079     8.394    U_conv/U_CH_WRAPPER/GEN_CH[2].U_CH/ch_enable[0]
    SLICE_X52Y84         LUT6 (Prop_lut6_I5_O)        0.124     8.518 r  U_conv/U_CH_WRAPPER/GEN_CH[2].U_CH/i__i_13/O
                         net (fo=2, routed)           1.338     9.857    U_conv/U_CH_WRAPPER/GEN_CH[1].U_CH/i__i_5_1[0]
    SLICE_X55Y104        LUT6 (Prop_lut6_I5_O)        0.124     9.981 r  U_conv/U_CH_WRAPPER/GEN_CH[1].U_CH/i__i_7/O
                         net (fo=1, routed)           0.669    10.650    U_conv/U_CH_WRAPPER/GEN_CH[7].U_CH/state[2]_i_4
    SLICE_X54Y104        LUT6 (Prop_lut6_I3_O)        0.124    10.774 r  U_conv/U_CH_WRAPPER/GEN_CH[7].U_CH/i__i_5/O
                         net (fo=2, routed)           0.326    11.101    U_conv/U_SHIFT_BUFFER/shift_window_ready
    SLICE_X54Y105        LUT6 (Prop_lut6_I5_O)        0.124    11.225 r  U_conv/U_SHIFT_BUFFER/i__i_2/O
                         net (fo=140, routed)         1.629    12.854    U_conv/U_SHIFT_BUFFER/p_1_in
    SLICE_X82Y125        LUT5 (Prop_lut5_I3_O)        0.124    12.978 r  U_conv/U_SHIFT_BUFFER/i___59/O
                         net (fo=64, routed)          1.117    14.095    U_conv/U_SHIFT_BUFFER/i___59_n_0
    SLICE_X90Y122        FDCE                                         r  U_conv/U_SHIFT_BUFFER/vertical_cache_reg[67][6][4]/CE
  -------------------------------------------------------------------    -------------------

                         (clock sys_clk_pin rise edge)
                                                      8.000     8.000 r  
    K17                                               0.000     8.000 r  sysclk (IN)
                         net (fo=0)                   0.000     8.000    sysclk
    K17                  IBUF (Prop_ibuf_I_O)         1.404     9.404 r  sysclk_IBUF_inst/O
                         net (fo=1, routed)           2.293    11.697    sysclk_IBUF
    BUFGCTRL_X0Y16       BUFG (Prop_bufg_I_O)         0.091    11.788 r  sysclk_IBUF_BUFG_inst/O
                         net (fo=28614, routed)       1.765    13.553    U_conv/U_SHIFT_BUFFER/sysclk_IBUF_BUFG
    SLICE_X90Y122        FDCE                                         r  U_conv/U_SHIFT_BUFFER/vertical_cache_reg[67][6][4]/C
                         clock pessimism              0.323    13.877    
                         clock uncertainty           -0.035    13.842    
    SLICE_X90Y122        FDCE (Setup_fdce_C_CE)      -0.169    13.673    U_conv/U_SHIFT_BUFFER/vertical_cache_reg[67][6][4]
  -------------------------------------------------------------------
                         required time                         13.673    
                         arrival time                         -14.095    
  -------------------------------------------------------------------
                         slack                                 -0.423    

Slack (VIOLATED) :        -0.423ns  (required time - arrival time)
  Source:                 U_conv/U_CONV_CONTROLLER/state_reg[2]/C
                            (rising edge-triggered cell FDCE clocked by sys_clk_pin  {rise@0.000ns fall@4.000ns period=8.000ns})
  Destination:            U_conv/U_SHIFT_BUFFER/vertical_cache_reg[67][7][5]/CE
                            (rising edge-triggered cell FDCE clocked by sys_clk_pin  {rise@0.000ns fall@4.000ns period=8.000ns})
  Path Group:             sys_clk_pin
  Path Type:              Setup (Max at Slow Process Corner)
  Requirement:            8.000ns  (sys_clk_pin rise@8.000ns - sys_clk_pin rise@0.000ns)
  Data Path Delay:        8.286ns  (logic 1.262ns (15.230%)  route 7.024ns (84.770%))
  Logic Levels:           6  (LUT3=1 LUT5=1 LUT6=4)
  Clock Path Skew:        0.068ns (DCD - SCD + CPR)
    Destination Clock Delay (DCD):    5.553ns = ( 13.553 - 8.000 ) 
    Source Clock Delay      (SCD):    5.809ns
    Clock Pessimism Removal (CPR):    0.323ns
  Clock Uncertainty:      0.035ns  ((TSJ^2 + TIJ^2)^1/2 + DJ) / 2 + PE
    Total System Jitter     (TSJ):    0.071ns
    Total Input Jitter      (TIJ):    0.000ns
    Discrete Jitter          (DJ):    0.000ns
    Phase Error              (PE):    0.000ns

    Location             Delay type                Incr(ns)  Path(ns)    Netlist Resource(s)
  -------------------------------------------------------------------    -------------------
                         (clock sys_clk_pin rise edge)
                                                      0.000     0.000 r  
    K17                                               0.000     0.000 r  sysclk (IN)
                         net (fo=0)                   0.000     0.000    sysclk
    K17                  IBUF (Prop_ibuf_I_O)         1.475     1.475 r  sysclk_IBUF_inst/O
                         net (fo=1, routed)           2.522     3.997    sysclk_IBUF
    BUFGCTRL_X0Y16       BUFG (Prop_bufg_I_O)         0.101     4.098 r  sysclk_IBUF_BUFG_inst/O
                         net (fo=28614, routed)       1.711     5.809    U_conv/U_CONV_CONTROLLER/sysclk_IBUF_BUFG
    SLICE_X62Y88         FDCE                                         r  U_conv/U_CONV_CONTROLLER/state_reg[2]/C
  -------------------------------------------------------------------    -------------------
    SLICE_X62Y88         FDCE (Prop_fdce_C_Q)         0.518     6.327 r  U_conv/U_CONV_CONTROLLER/state_reg[2]/Q
                         net (fo=134, routed)         0.865     7.192    U_conv/U_CONV_CONTROLLER/state_reg[2]_1
    SLICE_X57Y83         LUT3 (Prop_lut3_I2_O)        0.124     7.316 f  U_conv/U_CONV_CONTROLLER/stage1_valid_i_2__5/O
                         net (fo=55, routed)          1.079     8.394    U_conv/U_CH_WRAPPER/GEN_CH[2].U_CH/ch_enable[0]
    SLICE_X52Y84         LUT6 (Prop_lut6_I5_O)        0.124     8.518 r  U_conv/U_CH_WRAPPER/GEN_CH[2].U_CH/i__i_13/O
                         net (fo=2, routed)           1.338     9.857    U_conv/U_CH_WRAPPER/GEN_CH[1].U_CH/i__i_5_1[0]
    SLICE_X55Y104        LUT6 (Prop_lut6_I5_O)        0.124     9.981 r  U_conv/U_CH_WRAPPER/GEN_CH[1].U_CH/i__i_7/O
                         net (fo=1, routed)           0.669    10.650    U_conv/U_CH_WRAPPER/GEN_CH[7].U_CH/state[2]_i_4
    SLICE_X54Y104        LUT6 (Prop_lut6_I3_O)        0.124    10.774 r  U_conv/U_CH_WRAPPER/GEN_CH[7].U_CH/i__i_5/O
                         net (fo=2, routed)           0.326    11.101    U_conv/U_SHIFT_BUFFER/shift_window_ready
    SLICE_X54Y105        LUT6 (Prop_lut6_I5_O)        0.124    11.225 r  U_conv/U_SHIFT_BUFFER/i__i_2/O
                         net (fo=140, routed)         1.629    12.854    U_conv/U_SHIFT_BUFFER/p_1_in
    SLICE_X82Y125        LUT5 (Prop_lut5_I3_O)        0.124    12.978 r  U_conv/U_SHIFT_BUFFER/i___59/O
                         net (fo=64, routed)          1.117    14.095    U_conv/U_SHIFT_BUFFER/i___59_n_0
    SLICE_X90Y122        FDCE                                         r  U_conv/U_SHIFT_BUFFER/vertical_cache_reg[67][7][5]/CE
  -------------------------------------------------------------------    -------------------

                         (clock sys_clk_pin rise edge)
                                                      8.000     8.000 r  
    K17                                               0.000     8.000 r  sysclk (IN)
                         net (fo=0)                   0.000     8.000    sysclk
    K17                  IBUF (Prop_ibuf_I_O)         1.404     9.404 r  sysclk_IBUF_inst/O
                         net (fo=1, routed)           2.293    11.697    sysclk_IBUF
    BUFGCTRL_X0Y16       BUFG (Prop_bufg_I_O)         0.091    11.788 r  sysclk_IBUF_BUFG_inst/O
                         net (fo=28614, routed)       1.765    13.553    U_conv/U_SHIFT_BUFFER/sysclk_IBUF_BUFG
    SLICE_X90Y122        FDCE                                         r  U_conv/U_SHIFT_BUFFER/vertical_cache_reg[67][7][5]/C
                         clock pessimism              0.323    13.877    
                         clock uncertainty           -0.035    13.842    
    SLICE_X90Y122        FDCE (Setup_fdce_C_CE)      -0.169    13.673    U_conv/U_SHIFT_BUFFER/vertical_cache_reg[67][7][5]
  -------------------------------------------------------------------
                         required time                         13.673    
                         arrival time                         -14.095    
  -------------------------------------------------------------------
                         slack                                 -0.423    

Slack (VIOLATED) :        -0.415ns  (required time - arrival time)
  Source:                 U_conv/U_CONV_CONTROLLER/state_reg[2]/C
                            (rising edge-triggered cell FDCE clocked by sys_clk_pin  {rise@0.000ns fall@4.000ns period=8.000ns})
  Destination:            U_conv/U_SHIFT_BUFFER/vertical_cache_reg[67][0][5]/CE
                            (rising edge-triggered cell FDCE clocked by sys_clk_pin  {rise@0.000ns fall@4.000ns period=8.000ns})
  Path Group:             sys_clk_pin
  Path Type:              Setup (Max at Slow Process Corner)
  Requirement:            8.000ns  (sys_clk_pin rise@8.000ns - sys_clk_pin rise@0.000ns)
  Data Path Delay:        8.183ns  (logic 1.262ns (15.422%)  route 6.921ns (84.578%))
  Logic Levels:           6  (LUT3=1 LUT5=1 LUT6=4)
  Clock Path Skew:        0.008ns (DCD - SCD + CPR)
    Destination Clock Delay (DCD):    5.493ns = ( 13.493 - 8.000 ) 
    Source Clock Delay      (SCD):    5.809ns
    Clock Pessimism Removal (CPR):    0.323ns
  Clock Uncertainty:      0.035ns  ((TSJ^2 + TIJ^2)^1/2 + DJ) / 2 + PE
    Total System Jitter     (TSJ):    0.071ns
    Total Input Jitter      (TIJ):    0.000ns
    Discrete Jitter          (DJ):    0.000ns
    Phase Error              (PE):    0.000ns

    Location             Delay type                Incr(ns)  Path(ns)    Netlist Resource(s)
  -------------------------------------------------------------------    -------------------
                         (clock sys_clk_pin rise edge)
                                                      0.000     0.000 r  
    K17                                               0.000     0.000 r  sysclk (IN)
                         net (fo=0)                   0.000     0.000    sysclk
    K17                  IBUF (Prop_ibuf_I_O)         1.475     1.475 r  sysclk_IBUF_inst/O
                         net (fo=1, routed)           2.522     3.997    sysclk_IBUF
    BUFGCTRL_X0Y16       BUFG (Prop_bufg_I_O)         0.101     4.098 r  sysclk_IBUF_BUFG_inst/O
                         net (fo=28614, routed)       1.711     5.809    U_conv/U_CONV_CONTROLLER/sysclk_IBUF_BUFG
    SLICE_X62Y88         FDCE                                         r  U_conv/U_CONV_CONTROLLER/state_reg[2]/C
  -------------------------------------------------------------------    -------------------
    SLICE_X62Y88         FDCE (Prop_fdce_C_Q)         0.518     6.327 r  U_conv/U_CONV_CONTROLLER/state_reg[2]/Q
                         net (fo=134, routed)         0.865     7.192    U_conv/U_CONV_CONTROLLER/state_reg[2]_1
    SLICE_X57Y83         LUT3 (Prop_lut3_I2_O)        0.124     7.316 f  U_conv/U_CONV_CONTROLLER/stage1_valid_i_2__5/O
                         net (fo=55, routed)          1.079     8.394    U_conv/U_CH_WRAPPER/GEN_CH[2].U_CH/ch_enable[0]
    SLICE_X52Y84         LUT6 (Prop_lut6_I5_O)        0.124     8.518 r  U_conv/U_CH_WRAPPER/GEN_CH[2].U_CH/i__i_13/O
                         net (fo=2, routed)           1.338     9.857    U_conv/U_CH_WRAPPER/GEN_CH[1].U_CH/i__i_5_1[0]
    SLICE_X55Y104        LUT6 (Prop_lut6_I5_O)        0.124     9.981 r  U_conv/U_CH_WRAPPER/GEN_CH[1].U_CH/i__i_7/O
                         net (fo=1, routed)           0.669    10.650    U_conv/U_CH_WRAPPER/GEN_CH[7].U_CH/state[2]_i_4
    SLICE_X54Y104        LUT6 (Prop_lut6_I3_O)        0.124    10.774 r  U_conv/U_CH_WRAPPER/GEN_CH[7].U_CH/i__i_5/O
                         net (fo=2, routed)           0.326    11.101    U_conv/U_SHIFT_BUFFER/shift_window_ready
    SLICE_X54Y105        LUT6 (Prop_lut6_I5_O)        0.124    11.225 r  U_conv/U_SHIFT_BUFFER/i__i_2/O
                         net (fo=140, routed)         1.629    12.854    U_conv/U_SHIFT_BUFFER/p_1_in
    SLICE_X82Y125        LUT5 (Prop_lut5_I3_O)        0.124    12.978 r  U_conv/U_SHIFT_BUFFER/i___59/O
                         net (fo=64, routed)          1.014    13.992    U_conv/U_SHIFT_BUFFER/i___59_n_0
    SLICE_X81Y122        FDCE                                         r  U_conv/U_SHIFT_BUFFER/vertical_cache_reg[67][0][5]/CE
  -------------------------------------------------------------------    -------------------

                         (clock sys_clk_pin rise edge)
                                                      8.000     8.000 r  
    K17                                               0.000     8.000 r  sysclk (IN)
                         net (fo=0)                   0.000     8.000    sysclk
    K17                  IBUF (Prop_ibuf_I_O)         1.404     9.404 r  sysclk_IBUF_inst/O
                         net (fo=1, routed)           2.293    11.697    sysclk_IBUF
    BUFGCTRL_X0Y16       BUFG (Prop_bufg_I_O)         0.091    11.788 r  sysclk_IBUF_BUFG_inst/O
                         net (fo=28614, routed)       1.705    13.493    U_conv/U_SHIFT_BUFFER/sysclk_IBUF_BUFG
    SLICE_X81Y122        FDCE                                         r  U_conv/U_SHIFT_BUFFER/vertical_cache_reg[67][0][5]/C
                         clock pessimism              0.323    13.817    
                         clock uncertainty           -0.035    13.782    
    SLICE_X81Y122        FDCE (Setup_fdce_C_CE)      -0.205    13.577    U_conv/U_SHIFT_BUFFER/vertical_cache_reg[67][0][5]
  -------------------------------------------------------------------
                         required time                         13.577    
                         arrival time                         -13.992    
  -------------------------------------------------------------------
                         slack                                 -0.415    

Slack (VIOLATED) :        -0.410ns  (required time - arrival time)
  Source:                 U_conv/U_CONV_CONTROLLER/state_reg[2]/C
                            (rising edge-triggered cell FDCE clocked by sys_clk_pin  {rise@0.000ns fall@4.000ns period=8.000ns})
  Destination:            U_conv/U_SHIFT_BUFFER/vertical_cache_reg[72][0][0]/CE
                            (rising edge-triggered cell FDCE clocked by sys_clk_pin  {rise@0.000ns fall@4.000ns period=8.000ns})
  Path Group:             sys_clk_pin
  Path Type:              Setup (Max at Slow Process Corner)
  Requirement:            8.000ns  (sys_clk_pin rise@8.000ns - sys_clk_pin rise@0.000ns)
  Data Path Delay:        8.185ns  (logic 1.262ns (15.419%)  route 6.923ns (84.581%))
  Logic Levels:           6  (LUT3=1 LUT6=5)
  Clock Path Skew:        0.015ns (DCD - SCD + CPR)
    Destination Clock Delay (DCD):    5.500ns = ( 13.500 - 8.000 ) 
    Source Clock Delay      (SCD):    5.809ns
    Clock Pessimism Removal (CPR):    0.323ns
  Clock Uncertainty:      0.035ns  ((TSJ^2 + TIJ^2)^1/2 + DJ) / 2 + PE
    Total System Jitter     (TSJ):    0.071ns
    Total Input Jitter      (TIJ):    0.000ns
    Discrete Jitter          (DJ):    0.000ns
    Phase Error              (PE):    0.000ns

    Location             Delay type                Incr(ns)  Path(ns)    Netlist Resource(s)
  -------------------------------------------------------------------    -------------------
                         (clock sys_clk_pin rise edge)
                                                      0.000     0.000 r  
    K17                                               0.000     0.000 r  sysclk (IN)
                         net (fo=0)                   0.000     0.000    sysclk
    K17                  IBUF (Prop_ibuf_I_O)         1.475     1.475 r  sysclk_IBUF_inst/O
                         net (fo=1, routed)           2.522     3.997    sysclk_IBUF
    BUFGCTRL_X0Y16       BUFG (Prop_bufg_I_O)         0.101     4.098 r  sysclk_IBUF_BUFG_inst/O
                         net (fo=28614, routed)       1.711     5.809    U_conv/U_CONV_CONTROLLER/sysclk_IBUF_BUFG
    SLICE_X62Y88         FDCE                                         r  U_conv/U_CONV_CONTROLLER/state_reg[2]/C
  -------------------------------------------------------------------    -------------------
    SLICE_X62Y88         FDCE (Prop_fdce_C_Q)         0.518     6.327 r  U_conv/U_CONV_CONTROLLER/state_reg[2]/Q
                         net (fo=134, routed)         0.865     7.192    U_conv/U_CONV_CONTROLLER/state_reg[2]_1
    SLICE_X57Y83         LUT3 (Prop_lut3_I2_O)        0.124     7.316 f  U_conv/U_CONV_CONTROLLER/stage1_valid_i_2__5/O
                         net (fo=55, routed)          1.079     8.394    U_conv/U_CH_WRAPPER/GEN_CH[2].U_CH/ch_enable[0]
    SLICE_X52Y84         LUT6 (Prop_lut6_I5_O)        0.124     8.518 r  U_conv/U_CH_WRAPPER/GEN_CH[2].U_CH/i__i_13/O
                         net (fo=2, routed)           1.338     9.857    U_conv/U_CH_WRAPPER/GEN_CH[1].U_CH/i__i_5_1[0]
    SLICE_X55Y104        LUT6 (Prop_lut6_I5_O)        0.124     9.981 r  U_conv/U_CH_WRAPPER/GEN_CH[1].U_CH/i__i_7/O
                         net (fo=1, routed)           0.669    10.650    U_conv/U_CH_WRAPPER/GEN_CH[7].U_CH/state[2]_i_4
    SLICE_X54Y104        LUT6 (Prop_lut6_I3_O)        0.124    10.774 r  U_conv/U_CH_WRAPPER/GEN_CH[7].U_CH/i__i_5/O
                         net (fo=2, routed)           0.326    11.101    U_conv/U_SHIFT_BUFFER/shift_window_ready
    SLICE_X54Y105        LUT6 (Prop_lut6_I5_O)        0.124    11.225 r  U_conv/U_SHIFT_BUFFER/i__i_2/O
                         net (fo=140, routed)         1.631    12.856    U_conv/U_SHIFT_BUFFER/p_1_in
    SLICE_X88Y128        LUT6 (Prop_lut6_I4_O)        0.124    12.980 r  U_conv/U_SHIFT_BUFFER/i___54/O
                         net (fo=64, routed)          1.014    13.993    U_conv/U_SHIFT_BUFFER/i___54_n_0
    SLICE_X80Y116        FDCE                                         r  U_conv/U_SHIFT_BUFFER/vertical_cache_reg[72][0][0]/CE
  -------------------------------------------------------------------    -------------------

                         (clock sys_clk_pin rise edge)
                                                      8.000     8.000 r  
    K17                                               0.000     8.000 r  sysclk (IN)
                         net (fo=0)                   0.000     8.000    sysclk
    K17                  IBUF (Prop_ibuf_I_O)         1.404     9.404 r  sysclk_IBUF_inst/O
                         net (fo=1, routed)           2.293    11.697    sysclk_IBUF
    BUFGCTRL_X0Y16       BUFG (Prop_bufg_I_O)         0.091    11.788 r  sysclk_IBUF_BUFG_inst/O
                         net (fo=28614, routed)       1.712    13.500    U_conv/U_SHIFT_BUFFER/sysclk_IBUF_BUFG
    SLICE_X80Y116        FDCE                                         r  U_conv/U_SHIFT_BUFFER/vertical_cache_reg[72][0][0]/C
                         clock pessimism              0.323    13.824    
                         clock uncertainty           -0.035    13.789    
    SLICE_X80Y116        FDCE (Setup_fdce_C_CE)      -0.205    13.584    U_conv/U_SHIFT_BUFFER/vertical_cache_reg[72][0][0]
  -------------------------------------------------------------------
                         required time                         13.584    
                         arrival time                         -13.993    
  -------------------------------------------------------------------
                         slack                                 -0.410    

Slack (VIOLATED) :        -0.410ns  (required time - arrival time)
  Source:                 U_conv/U_CONV_CONTROLLER/state_reg[2]/C
                            (rising edge-triggered cell FDCE clocked by sys_clk_pin  {rise@0.000ns fall@4.000ns period=8.000ns})
  Destination:            U_conv/U_SHIFT_BUFFER/vertical_cache_reg[72][0][4]/CE
                            (rising edge-triggered cell FDCE clocked by sys_clk_pin  {rise@0.000ns fall@4.000ns period=8.000ns})
  Path Group:             sys_clk_pin
  Path Type:              Setup (Max at Slow Process Corner)
  Requirement:            8.000ns  (sys_clk_pin rise@8.000ns - sys_clk_pin rise@0.000ns)
  Data Path Delay:        8.185ns  (logic 1.262ns (15.419%)  route 6.923ns (84.581%))
  Logic Levels:           6  (LUT3=1 LUT6=5)
  Clock Path Skew:        0.015ns (DCD - SCD + CPR)
    Destination Clock Delay (DCD):    5.500ns = ( 13.500 - 8.000 ) 
    Source Clock Delay      (SCD):    5.809ns
    Clock Pessimism Removal (CPR):    0.323ns
  Clock Uncertainty:      0.035ns  ((TSJ^2 + TIJ^2)^1/2 + DJ) / 2 + PE
    Total System Jitter     (TSJ):    0.071ns
    Total Input Jitter      (TIJ):    0.000ns
    Discrete Jitter          (DJ):    0.000ns
    Phase Error              (PE):    0.000ns

    Location             Delay type                Incr(ns)  Path(ns)    Netlist Resource(s)
  -------------------------------------------------------------------    -------------------
                         (clock sys_clk_pin rise edge)
                                                      0.000     0.000 r  
    K17                                               0.000     0.000 r  sysclk (IN)
                         net (fo=0)                   0.000     0.000    sysclk
    K17                  IBUF (Prop_ibuf_I_O)         1.475     1.475 r  sysclk_IBUF_inst/O
                         net (fo=1, routed)           2.522     3.997    sysclk_IBUF
    BUFGCTRL_X0Y16       BUFG (Prop_bufg_I_O)         0.101     4.098 r  sysclk_IBUF_BUFG_inst/O
                         net (fo=28614, routed)       1.711     5.809    U_conv/U_CONV_CONTROLLER/sysclk_IBUF_BUFG
    SLICE_X62Y88         FDCE                                         r  U_conv/U_CONV_CONTROLLER/state_reg[2]/C
  -------------------------------------------------------------------    -------------------
    SLICE_X62Y88         FDCE (Prop_fdce_C_Q)         0.518     6.327 r  U_conv/U_CONV_CONTROLLER/state_reg[2]/Q
                         net (fo=134, routed)         0.865     7.192    U_conv/U_CONV_CONTROLLER/state_reg[2]_1
    SLICE_X57Y83         LUT3 (Prop_lut3_I2_O)        0.124     7.316 f  U_conv/U_CONV_CONTROLLER/stage1_valid_i_2__5/O
                         net (fo=55, routed)          1.079     8.394    U_conv/U_CH_WRAPPER/GEN_CH[2].U_CH/ch_enable[0]
    SLICE_X52Y84         LUT6 (Prop_lut6_I5_O)        0.124     8.518 r  U_conv/U_CH_WRAPPER/GEN_CH[2].U_CH/i__i_13/O
                         net (fo=2, routed)           1.338     9.857    U_conv/U_CH_WRAPPER/GEN_CH[1].U_CH/i__i_5_1[0]
    SLICE_X55Y104        LUT6 (Prop_lut6_I5_O)        0.124     9.981 r  U_conv/U_CH_WRAPPER/GEN_CH[1].U_CH/i__i_7/O
                         net (fo=1, routed)           0.669    10.650    U_conv/U_CH_WRAPPER/GEN_CH[7].U_CH/state[2]_i_4
    SLICE_X54Y104        LUT6 (Prop_lut6_I3_O)        0.124    10.774 r  U_conv/U_CH_WRAPPER/GEN_CH[7].U_CH/i__i_5/O
                         net (fo=2, routed)           0.326    11.101    U_conv/U_SHIFT_BUFFER/shift_window_ready
    SLICE_X54Y105        LUT6 (Prop_lut6_I5_O)        0.124    11.225 r  U_conv/U_SHIFT_BUFFER/i__i_2/O
                         net (fo=140, routed)         1.631    12.856    U_conv/U_SHIFT_BUFFER/p_1_in
    SLICE_X88Y128        LUT6 (Prop_lut6_I4_O)        0.124    12.980 r  U_conv/U_SHIFT_BUFFER/i___54/O
                         net (fo=64, routed)          1.014    13.993    U_conv/U_SHIFT_BUFFER/i___54_n_0
    SLICE_X80Y116        FDCE                                         r  U_conv/U_SHIFT_BUFFER/vertical_cache_reg[72][0][4]/CE
  -------------------------------------------------------------------    -------------------

                         (clock sys_clk_pin rise edge)
                                                      8.000     8.000 r  
    K17                                               0.000     8.000 r  sysclk (IN)
                         net (fo=0)                   0.000     8.000    sysclk
    K17                  IBUF (Prop_ibuf_I_O)         1.404     9.404 r  sysclk_IBUF_inst/O
                         net (fo=1, routed)           2.293    11.697    sysclk_IBUF
    BUFGCTRL_X0Y16       BUFG (Prop_bufg_I_O)         0.091    11.788 r  sysclk_IBUF_BUFG_inst/O
                         net (fo=28614, routed)       1.712    13.500    U_conv/U_SHIFT_BUFFER/sysclk_IBUF_BUFG
    SLICE_X80Y116        FDCE                                         r  U_conv/U_SHIFT_BUFFER/vertical_cache_reg[72][0][4]/C
                         clock pessimism              0.323    13.824    
                         clock uncertainty           -0.035    13.789    
    SLICE_X80Y116        FDCE (Setup_fdce_C_CE)      -0.205    13.584    U_conv/U_SHIFT_BUFFER/vertical_cache_reg[72][0][4]
  -------------------------------------------------------------------
                         required time                         13.584    
                         arrival time                         -13.993    
  -------------------------------------------------------------------
                         slack                                 -0.410    




