Copyright 1986-2020 Xilinx, Inc. All Rights Reserved.
------------------------------------------------------------------------------------
| Tool Version : Vivado v.2020.2 (win64) Build 3064766 Wed Nov 18 09:12:45 MST 2020
| Date         : Tue Aug  4 00:32:43 2026
| Host         : DESKTOP-Q0BDH8J running 64-bit major release  (build 9200)
| Command      : report_timing_summary -file timing_summary_current.rpt
| Design       : CNN_accelerator
| Device       : 7z020-clg400
| Speed File   : -1  PRODUCTION 1.12 2019-11-22
------------------------------------------------------------------------------------

Timing Summary Report

------------------------------------------------------------------------------------------------
| Timer Settings
| --------------
------------------------------------------------------------------------------------------------

  Enable Multi Corner Analysis               :  Yes
  Enable Pessimism Removal                   :  Yes
  Pessimism Removal Resolution               :  Nearest Common Node
  Enable Input Delay Default Clock           :  No
  Enable Preset / Clear Arcs                 :  No
  Disable Flight Delays                      :  No
  Ignore I/O Paths                           :  No
  Timing Early Launch at Borrowing Latches   :  No
  Borrow Time for Max Delay Exceptions       :  Yes
  Merge Timing Exceptions                    :  Yes

  Corner  Analyze    Analyze    
  Name    Max Paths  Min Paths  
  ------  ---------  ---------  
  Slow    Yes        Yes        
  Fast    Yes        Yes        



check_timing report

Table of Contents
-----------------
1. checking no_clock (0)
2. checking constant_clock (0)
3. checking pulse_width_clock (0)
4. checking unconstrained_internal_endpoints (0)
5. checking no_input_delay (10)
6. checking no_output_delay (17)
7. checking multiple_clock (0)
8. checking generated_clocks (0)
9. checking loops (0)
10. checking partial_input_delay (0)
11. checking partial_output_delay (0)
12. checking latch_loops (0)

1. checking no_clock (0)
------------------------
 There are 0 register/latch pins with no clock.


2. checking constant_clock (0)
------------------------------
 There are 0 register/latch pins with constant_clock.


3. checking pulse_width_clock (0)
---------------------------------
 There are 0 register/latch pins which need pulse_width check


4. checking unconstrained_internal_endpoints (0)
------------------------------------------------
 There are 0 pins that are not constrained for maximum delay.

 There are 0 pins that are not constrained for maximum delay due to constant clock.


5. checking no_input_delay (10)
-------------------------------
 There are 10 input ports with no input delay specified. (HIGH)

 There are 0 input ports with no input delay but user has a false path constraint.


6. checking no_output_delay (17)
--------------------------------
 There are 17 ports with no output delay specified. (HIGH)

 There are 0 ports with no output delay but user has a false path constraint

 There are 0 ports with no output delay but with a timing clock defined on it or propagating through it


7. checking multiple_clock (0)
------------------------------
 There are 0 register/latch pins with multiple clocks.


8. checking generated_clocks (0)
--------------------------------
 There are 0 generated clocks that are not connected to a clock source.


9. checking loops (0)
---------------------
 There are 0 combinational loops in the design.


10. checking partial_input_delay (0)
------------------------------------
 There are 0 input ports with partial input delay specified.


11. checking partial_output_delay (0)
-------------------------------------
 There are 0 ports with partial output delay specified.


12. checking latch_loops (0)
----------------------------
 There are 0 combinational latch loops in the design through latch input



------------------------------------------------------------------------------------------------
| Design Timing Summary
| ---------------------
------------------------------------------------------------------------------------------------

    WNS(ns)      TNS(ns)  TNS Failing Endpoints  TNS Total Endpoints      WHS(ns)      THS(ns)  THS Failing Endpoints  THS Total Endpoints     WPWS(ns)     TPWS(ns)  TPWS Failing Endpoints  TPWS Total Endpoints  
    -------      -------  ---------------------  -------------------      -------      -------  ---------------------  -------------------     --------     --------  ----------------------  --------------------  
     -0.443     -129.035                   1187                58279        0.017        0.000                      0                58279        3.020        0.000                       0                 28615  


Timing constraints are not met.


------------------------------------------------------------------------------------------------
| Clock Summary
| -------------
------------------------------------------------------------------------------------------------

Clock        Waveform(ns)         Period(ns)      Frequency(MHz)
-----        ------------         ----------      --------------
sys_clk_pin  {0.000 4.000}        8.000           125.000         


------------------------------------------------------------------------------------------------
| Intra Clock Table
| -----------------
------------------------------------------------------------------------------------------------

Clock             WNS(ns)      TNS(ns)  TNS Failing Endpoints  TNS Total Endpoints      WHS(ns)      THS(ns)  THS Failing Endpoints  THS Total Endpoints     WPWS(ns)     TPWS(ns)  TPWS Failing Endpoints  TPWS Total Endpoints  
-----             -------      -------  ---------------------  -------------------      -------      -------  ---------------------  -------------------     --------     --------  ----------------------  --------------------  
sys_clk_pin        -0.443     -129.035                   1187                58279        0.017        0.000                      0                58279        3.020        0.000                       0                 28615  


------------------------------------------------------------------------------------------------
| Inter Clock Table
| -----------------
------------------------------------------------------------------------------------------------

From Clock    To Clock          WNS(ns)      TNS(ns)  TNS Failing Endpoints  TNS Total Endpoints      WHS(ns)      THS(ns)  THS Failing Endpoints  THS Total Endpoints  
----------    --------          -------      -------  ---------------------  -------------------      -------      -------  ---------------------  -------------------  


------------------------------------------------------------------------------------------------
| Other Path Groups Table
| -----------------------
------------------------------------------------------------------------------------------------

Path Group    From Clock    To Clock          WNS(ns)      TNS(ns)  TNS Failing Endpoints  TNS Total Endpoints      WHS(ns)      THS(ns)  THS Failing Endpoints  THS Total Endpoints  
----------    ----------    --------          -------      -------  ---------------------  -------------------      -------      -------  ---------------------  -------------------  


------------------------------------------------------------------------------------------------
| Timing Details
| --------------
------------------------------------------------------------------------------------------------


---------------------------------------------------------------------------------------------------
From Clock:  sys_clk_pin
  To Clock:  sys_clk_pin

Setup :         1187  Failing Endpoints,  Worst Slack       -0.443ns,  Total Violation     -129.035ns
Hold  :            0  Failing Endpoints,  Worst Slack        0.017ns,  Total Violation        0.000ns
PW    :            0  Failing Endpoints,  Worst Slack        3.020ns,  Total Violation        0.000ns
---------------------------------------------------------------------------------------------------


Max Delay Paths
--------------------------------------------------------------------------------------
Slack (VIOLATED) :        -0.443ns  (required time - arrival time)
  Source:                 U_conv/U_CONV_CONTROLLER/state_reg[2]/C
                            (rising edge-triggered cell FDCE clocked by sys_clk_pin  {rise@0.000ns fall@4.000ns period=8.000ns})
  Destination:            U_conv/U_SHIFT_BUFFER/vertical_cache_reg[49][2][2]/CE
                            (rising edge-triggered cell FDCE clocked by sys_clk_pin  {rise@0.000ns fall@4.000ns period=8.000ns})
  Path Group:             sys_clk_pin
  Path Type:              Setup (Max at Slow Process Corner)
  Requirement:            8.000ns  (sys_clk_pin rise@8.000ns - sys_clk_pin rise@0.000ns)
  Data Path Delay:        8.181ns  (logic 1.262ns (15.426%)  route 6.919ns (84.574%))
  Logic Levels:           6  (LUT3=1 LUT6=5)
  Clock Path Skew:        -0.058ns (DCD - SCD + CPR)
    Destination Clock Delay (DCD):    5.427ns = ( 13.427 - 8.000 ) 
    Source Clock Delay      (SCD):    5.809ns
    Clock Pessimism Removal (CPR):    0.323ns
  Clock Uncertainty:      0.035ns  ((TSJ^2 + TIJ^2)^1/2 + DJ) / 2 + PE
    Total System Jitter     (TSJ):    0.071ns
    Total Input Jitter      (TIJ):    0.000ns
    Discrete Jitter          (DJ):    0.000ns
    Phase Error              (PE):    0.000ns

    Location             Delay type                Incr(ns)  Path(ns)    Netlist Resource(s)
  -------------------------------------------------------------------    -------------------
                         (clock sys_clk_pin rise edge)
                                                      0.000     0.000 r  
    K17                                               0.000     0.000 r  sysclk (IN)
                         net (fo=0)                   0.000     0.000    sysclk
    K17                  IBUF (Prop_ibuf_I_O)         1.475     1.475 r  sysclk_IBUF_inst/O
                         net (fo=1, routed)           2.522     3.997    sysclk_IBUF
    BUFGCTRL_X0Y16       BUFG (Prop_bufg_I_O)         0.101     4.098 r  sysclk_IBUF_BUFG_inst/O
                         net (fo=28614, routed)       1.711     5.809    U_conv/U_CONV_CONTROLLER/sysclk_IBUF_BUFG
    SLICE_X62Y88         FDCE                                         r  U_conv/U_CONV_CONTROLLER/state_reg[2]/C
  -------------------------------------------------------------------    -------------------
    SLICE_X62Y88         FDCE (Prop_fdce_C_Q)         0.518     6.327 r  U_conv/U_CONV_CONTROLLER/state_reg[2]/Q
                         net (fo=134, routed)         0.865     7.192    U_conv/U_CONV_CONTROLLER/state_reg[2]_1
    SLICE_X57Y83         LUT3 (Prop_lut3_I2_O)        0.124     7.316 f  U_conv/U_CONV_CONTROLLER/stage1_valid_i_2__5/O
                         net (fo=55, routed)          1.079     8.394    U_conv/U_CH_WRAPPER/GEN_CH[2].U_CH/ch_enable[0]
    SLICE_X52Y84         LUT6 (Prop_lut6_I5_O)        0.124     8.518 r  U_conv/U_CH_WRAPPER/GEN_CH[2].U_CH/i__i_13/O
                         net (fo=2, routed)           1.338     9.857    U_conv/U_CH_WRAPPER/GEN_CH[1].U_CH/i__i_5_1[0]
    SLICE_X55Y104        LUT6 (Prop_lut6_I5_O)        0.124     9.981 r  U_conv/U_CH_WRAPPER/GEN_CH[1].U_CH/i__i_7/O
                         net (fo=1, routed)           0.669    10.650    U_conv/U_CH_WRAPPER/GEN_CH[7].U_CH/state[2]_i_4
    SLICE_X54Y104        LUT6 (Prop_lut6_I3_O)        0.124    10.774 r  U_conv/U_CH_WRAPPER/GEN_CH[7].U_CH/i__i_5/O
                         net (fo=2, routed)           0.326    11.101    U_conv/U_SHIFT_BUFFER/shift_window_ready
    SLICE_X54Y105        LUT6 (Prop_lut6_I5_O)        0.124    11.225 r  U_conv/U_SHIFT_BUFFER/i__i_2/O
                         net (fo=140, routed)         1.573    12.797    U_conv/U_SHIFT_BUFFER/p_1_in
    SLICE_X50Y128        LUT6 (Prop_lut6_I4_O)        0.124    12.921 r  U_conv/U_SHIFT_BUFFER/i___77/O
                         net (fo=64, routed)          1.068    13.990    U_conv/U_SHIFT_BUFFER/i___77_n_0
    SLICE_X38Y127        FDCE                                         r  U_conv/U_SHIFT_BUFFER/vertical_cache_reg[49][2][2]/CE
  -------------------------------------------------------------------    -------------------

                         (clock sys_clk_pin rise edge)
                                                      8.000     8.000 r  
    K17                                               0.000     8.000 r  sysclk (IN)
                         net (fo=0)                   0.000     8.000    sysclk
    K17                  IBUF (Prop_ibuf_I_O)         1.404     9.404 r  sysclk_IBUF_inst/O
                         net (fo=1, routed)           2.293    11.697    sysclk_IBUF
    BUFGCTRL_X0Y16       BUFG (Prop_bufg_I_O)         0.091    11.788 r  sysclk_IBUF_BUFG_inst/O
                         net (fo=28614, routed)       1.639    13.427    U_conv/U_SHIFT_BUFFER/sysclk_IBUF_BUFG
    SLICE_X38Y127        FDCE                                         r  U_conv/U_SHIFT_BUFFER/vertical_cache_reg[49][2][2]/C
                         clock pessimism              0.323    13.751    
                         clock uncertainty           -0.035    13.716    
    SLICE_X38Y127        FDCE (Setup_fdce_C_CE)      -0.169    13.547    U_conv/U_SHIFT_BUFFER/vertical_cache_reg[49][2][2]
  -------------------------------------------------------------------
                         required time                         13.547    
                         arrival time                         -13.990    
  -------------------------------------------------------------------
                         slack                                 -0.443    





Min Delay Paths
--------------------------------------------------------------------------------------
Slack (MET) :             0.017ns  (arrival time - required time)
  Source:                 U_conv/U_WEIGHT_LOADER/weight_out_reg[6][8][1]/C
                            (rising edge-triggered cell FDCE clocked by sys_clk_pin  {rise@0.000ns fall@4.000ns period=8.000ns})
  Destination:            U_conv/U_CH_WRAPPER/staged_weight_reg[6][8][1]/D
                            (rising edge-triggered cell FDCE clocked by sys_clk_pin  {rise@0.000ns fall@4.000ns period=8.000ns})
  Path Group:             sys_clk_pin
  Path Type:              Hold (Min at Fast Process Corner)
  Requirement:            0.000ns  (sys_clk_pin rise@0.000ns - sys_clk_pin rise@0.000ns)
  Data Path Delay:        0.346ns  (logic 0.141ns (40.730%)  route 0.205ns (59.270%))
  Logic Levels:           0  
  Clock Path Skew:        0.259ns (DCD - SCD - CPR)
    Destination Clock Delay (DCD):    2.190ns
    Source Clock Delay      (SCD):    1.669ns
    Clock Pessimism Removal (CPR):    0.261ns

    Location             Delay type                Incr(ns)  Path(ns)    Netlist Resource(s)
  -------------------------------------------------------------------    -------------------
                         (clock sys_clk_pin rise edge)
                                                      0.000     0.000 r  
    K17                                               0.000     0.000 r  sysclk (IN)
                         net (fo=0)                   0.000     0.000    sysclk
    K17                  IBUF (Prop_ibuf_I_O)         0.243     0.243 r  sysclk_IBUF_inst/O
                         net (fo=1, routed)           0.842     1.084    sysclk_IBUF
    BUFGCTRL_X0Y16       BUFG (Prop_bufg_I_O)         0.026     1.110 r  sysclk_IBUF_BUFG_inst/O
                         net (fo=28614, routed)       0.559     1.669    U_conv/U_WEIGHT_LOADER/sysclk_IBUF_BUFG
    SLICE_X49Y39         FDCE                                         r  U_conv/U_WEIGHT_LOADER/weight_out_reg[6][8][1]/C
  -------------------------------------------------------------------    -------------------
    SLICE_X49Y39         FDCE (Prop_fdce_C_Q)         0.141     1.810 r  U_conv/U_WEIGHT_LOADER/weight_out_reg[6][8][1]/Q
                         net (fo=1, routed)           0.205     2.015    U_conv/U_CH_WRAPPER/staged_weight_reg[6][8][7]_0[1]
    SLICE_X52Y38         FDCE                                         r  U_conv/U_CH_WRAPPER/staged_weight_reg[6][8][1]/D
  -------------------------------------------------------------------    -------------------

                         (clock sys_clk_pin rise edge)
                                                      0.000     0.000 r  
    K17                                               0.000     0.000 r  sysclk (IN)
                         net (fo=0)                   0.000     0.000    sysclk
    K17                  IBUF (Prop_ibuf_I_O)         0.431     0.431 r  sysclk_IBUF_inst/O
                         net (fo=1, routed)           0.907     1.338    sysclk_IBUF
    BUFGCTRL_X0Y16       BUFG (Prop_bufg_I_O)         0.029     1.367 r  sysclk_IBUF_BUFG_inst/O
                         net (fo=28614, routed)       0.823     2.190    U_conv/U_CH_WRAPPER/sysclk_IBUF_BUFG
    SLICE_X52Y38         FDCE                                         r  U_conv/U_CH_WRAPPER/staged_weight_reg[6][8][1]/C
                         clock pessimism             -0.261     1.928    
    SLICE_X52Y38         FDCE (Hold_fdce_C_D)         0.070     1.998    U_conv/U_CH_WRAPPER/staged_weight_reg[6][8][1]
  -------------------------------------------------------------------
                         required time                         -1.998    
                         arrival time                           2.015    
  -------------------------------------------------------------------
                         slack                                  0.017    





Pulse Width Checks
--------------------------------------------------------------------------------------
Clock Name:         sys_clk_pin
Waveform(ns):       { 0.000 4.000 }
Period(ns):         8.000
Sources:            { sysclk }

Check Type        Corner  Lib Pin             Reference Pin  Required(ns)  Actual(ns)  Slack(ns)  Location       Pin
Min Period        n/a     RAMB36E1/CLKARDCLK  n/a            3.363         8.000       4.637      RAMB36_X5Y5    U_Data_Buffer/U_frameBuffer_A/mem_reg_0_0/CLKARDCLK
Low Pulse Width   Slow    SRL16E/CLK          n/a            0.980         4.000       3.020      SLICE_X108Y39  U_conv/conv_meta_addr_stage4_reg[0]_srl4_U_conv_conv_meta_addr_stage4_reg_c/CLK
High Pulse Width  Fast    SRL16E/CLK          n/a            0.980         4.000       3.020      SLICE_X108Y39  U_conv/conv_meta_addr_stage4_reg[0]_srl4_U_conv_conv_meta_addr_stage4_reg_c/CLK



